20:16:40 **** Build of configuration Debug for project uart_test ****
make all 
'Building file: ../src/lw_usb/HID.c'
'Invoking: MicroBlaze gcc compiler'
mb-gcc -Wall -O0 -g3 -c -fmessage-length=0 -MT"src/lw_usb/HID.o" -ID:/ECE385_final_project/uart_test_three/mb_platform/export/mb_platform/sw/mb_platform/standalone_domain/bspinclude/include -mno-xl-reorder -mlittle-endian -mxl-barrel-shift -mxl-pattern-compare -mcpu=v11.0 -mno-xl-soft-mul -Wl,--no-relax -ffunction-sections -fdata-sections -MMD -MP -MF"src/lw_usb/HID.d" -MT"src/lw_usb/HID.o" -o "src/lw_usb/HID.o" "../src/lw_usb/HID.c"
../src/lw_usb/HID.c:9:1: warning: braces around scalar initializer
    9 | HID_DEVICE hid_device = { { 0 } };
      | ^~~~~~~~~~
../src/lw_usb/HID.c:9:1: note: (near initialization for 'hid_device.addr')
'Finished building: ../src/lw_usb/HID.c'
' '
'Building file: ../src/lw_usb/MAX3421E.c'
'Invoking: MicroBlaze gcc compiler'
mb-gcc -Wall -O0 -g3 -c -fmessage-length=0 -MT"src/lw_usb/MAX3421E.o" -ID:/ECE385_final_project/uart_test_three/mb_platform/export/mb_platform/sw/mb_platform/standalone_domain/bspinclude/include -mno-xl-reorder -mlittle-endian -mxl-barrel-shift -mxl-pattern-compare -mcpu=v11.0 -mno-xl-soft-mul -Wl,--no-relax -ffunction-sections -fdata-sections -MMD -MP -MF"src/lw_usb/MAX3421E.d" -MT"src/lw_usb/MAX3421E.o" -o "src/lw_usb/MAX3421E.o" "../src/lw_usb/MAX3421E.c"
'Finished building: ../src/lw_usb/MAX3421E.c'
' '
'Building file: ../src/lw_usb/transfer.c'
'Invoking: MicroBlaze gcc compiler'
mb-gcc -Wall -O0 -g3 -c -fmessage-length=0 -MT"src/lw_usb/transfer.o" -ID:/ECE385_final_project/uart_test_three/mb_platform/export/mb_platform/sw/mb_platform/standalone_domain/bspinclude/include -mno-xl-reorder -mlittle-endian -mxl-barrel-shift -mxl-pattern-compare -mcpu=v11.0 -mno-xl-soft-mul -Wl,--no-relax -ffunction-sections -fdata-sections -MMD -MP -MF"src/lw_usb/transfer.d" -MT"src/lw_usb/transfer.o" -o "src/lw_usb/transfer.o" "../src/lw_usb/transfer.c"
../src/lw_usb/transfer.c:13:1: warning: braces around scalar initializer
   13 | EP_RECORD dev0ep = {{ 0 }};         //Endpoint data structure for uninitialized device during enumeration
      | ^~~~~~~~~
../src/lw_usb/transfer.c:13:1: note: (near initialization for 'dev0ep.epAddr')
../src/lw_usb/transfer.c: In function 'XferInTransfer':
../src/lw_usb/transfer.c:199:7: warning: unused variable 'tmpbyte' [-Wunused-variable]
  199 |  BYTE tmpbyte;
      |       ^~~~~~~
../src/lw_usb/transfer.c:198:7: warning: unused variable 'i' [-Wunused-variable]
  198 |  BYTE i;
      |       ^
'Finished building: ../src/lw_usb/transfer.c'
' '
'Building file: ../src/main.c'
'Invoking: MicroBlaze gcc compiler'
mb-gcc -Wall -O0 -g3 -c -fmessage-length=0 -MT"src/main.o" -ID:/ECE385_final_project/uart_test_three/mb_platform/export/mb_platform/sw/mb_platform/standalone_domain/bspinclude/include -mno-xl-reorder -mlittle-endian -mxl-barrel-shift -mxl-pattern-compare -mcpu=v11.0 -mno-xl-soft-mul -Wl,--no-relax -ffunction-sections -fdata-sections -MMD -MP -MF"src/main.d" -MT"src/main.o" -o "src/main.o" "../src/main.c"
../src/main.c: In function 'write_string_to_regs':
../src/main.c:151:5: warning: this 'if' clause does not guard... [-Wmisleading-indentation]
  151 |     if(str[0]) r0 |= (str[0] << 24); if(str[1]) r0 |= (str[1] << 16); if(str[2]) r0 |= (str[2] << 8); if(str[3]) r0 |= (str[3]);
      |     ^~
../src/main.c:151:38: note: ...this statement, but the latter is misleadingly indented as if it were guarded by the 'if'
  151 |     if(str[0]) r0 |= (str[0] << 24); if(str[1]) r0 |= (str[1] << 16); if(str[2]) r0 |= (str[2] << 8); if(str[3]) r0 |= (str[3]);
      |                                      ^~
../src/main.c:152:5: warning: this 'if' clause does not guard... [-Wmisleading-indentation]
  152 |     if(str[4]) r1 |= (str[4] << 24); if(str[5]) r1 |= (str[5] << 16); if(str[6]) r1 |= (str[6] << 8); if(str[7]) r1 |= (str[7]);
      |     ^~
../src/main.c:152:38: note: ...this statement, but the latter is misleadingly indented as if it were guarded by the 'if'
  152 |     if(str[4]) r1 |= (str[4] << 24); if(str[5]) r1 |= (str[5] << 16); if(str[6]) r1 |= (str[6] << 8); if(str[7]) r1 |= (str[7]);
      |                                      ^~
../src/main.c: In function 'rescale_graph':
../src/main.c:385:13: warning: this 'if' clause does not guard... [-Wmisleading-indentation]
  385 |             if (ma1_px < 5) ma1_px = 5; if (ma1_px > 250) ma1_px = 250;
      |             ^~
../src/main.c:385:41: note: ...this statement, but the latter is misleadingly indented as if it were guarded by the 'if'
  385 |             if (ma1_px < 5) ma1_px = 5; if (ma1_px > 250) ma1_px = 250;
      |                                         ^~
../src/main.c:386:13: warning: this 'if' clause does not guard... [-Wmisleading-indentation]
  386 |             if (ma2_px < 5) ma2_px = 5; if (ma2_px > 250) ma2_px = 250;
      |             ^~
../src/main.c:386:41: note: ...this statement, but the latter is misleadingly indented as if it were guarded by the 'if'
  386 |             if (ma2_px < 5) ma2_px = 5; if (ma2_px > 250) ma2_px = 250;
      |                                         ^~
../src/main.c: In function 'load_stock_simulation':
../src/main.c:474:9: warning: this 'if' clause does not guard... [-Wmisleading-indentation]
  474 |         if (ma1_px < 5) ma1_px = 5; if (ma1_px > 250) ma1_px = 250;
      |         ^~
../src/main.c:474:37: note: ...this statement, but the latter is misleadingly indented as if it were guarded by the 'if'
  474 |         if (ma1_px < 5) ma1_px = 5; if (ma1_px > 250) ma1_px = 250;
      |                                     ^~
../src/main.c:475:9: warning: this 'if' clause does not guard... [-Wmisleading-indentation]
  475 |         if (ma2_px < 5) ma2_px = 5; if (ma2_px > 250) ma2_px = 250;
      |         ^~
../src/main.c:475:37: note: ...this statement, but the latter is misleadingly indented as if it were guarded by the 'if'
  475 |         if (ma2_px < 5) ma2_px = 5; if (ma2_px > 250) ma2_px = 250;
      |                                     ^~
At top level:
../src/main.c:305:13: warning: 'clear_graph_bram' defined but not used [-Wunused-function]
  305 | static void clear_graph_bram(void) {
      |             ^~~~~~~~~~~~~~~~
'Finished building: ../src/main.c'
' '
'Building target: uart_test.elf'
'Invoking: MicroBlaze gcc linker'
mb-gcc -Wl,-T -Wl,../src/lscript.ld -LD:/ECE385_final_project/uart_test_three/mb_platform/export/mb_platform/sw/mb_platform/standalone_domain/bsplib/lib -mlittle-endian -mxl-barrel-shift -mxl-pattern-compare -mcpu=v11.0 -mno-xl-soft-mul -Wl,--no-relax -Wl,--gc-sections -o "uart_test.elf"  ./src/lw_usb/HID.o ./src/lw_usb/MAX3421E.o ./src/lw_usb/transfer.o  ./src/main.o   -Wl,--start-group,-lxil,-lgcc,-lc,--end-group
'Finished building target: uart_test.elf'
' '
'Invoking: MicroBlaze Print Size'
mb-size uart_test.elf  |tee "uart_test.elf.size"
   text	   data	    bss	    dec	    hex	filename
  34400	    540	   6940	  41880	   a398	uart_test.elf
'Finished building: uart_test.elf.size'
' '

20:16:42 Build Finished (took 2s.864ms)

